[DEBUG LAB4]: 	INT	int	3	0
[DEBUG LAB4]: 	ID	3	4	f	1
[DEBUG LAB4]: 	LP	(	3	5
[DEBUG LAB4]: 	RP	)	3	6
[DEBUG LAB4]: 	LC	{	3	7
[DEBUG LAB4]: 	INT	int	4	1
[DEBUG LAB4]: 	ID	4	5	a	2
[DEBUG LAB4]: 	SEMICOLON	;	4	6
[DEBUG LAB4]: 	ID	5	1	a	2
[DEBUG LAB4]: 	ASSIGN	=	5	3
[DEBUG LAB4]: 	NUMBER	}	5	5	0
[DEBUG LAB4]: 	SEMICOLON	;	5	6
[DEBUG LAB4]: 	WHILE	while	6	1
[DEBUG LAB4]: 	LP	(	6	6
[DEBUG LAB4]: 	ID	6	7	a	2
[DEBUG LAB4]: 	LESS	<	6	8
[DEBUG LAB4]: 	NUMBER	}	6	9	10
[DEBUG LAB4]: 	RP	)	6	11
[DEBUG LAB4]: 	LC	{	6	12
[DEBUG LAB4]: 	ID	7	2	a	3
[DEBUG LAB4]: 	ASSIGN	=	7	4
[DEBUG LAB4]: 	ID	7	6	a	3
[DEBUG LAB4]: 	MUL	*	7	8
[DEBUG LAB4]: 	NUMBER	}	7	10	2345
[DEBUG LAB4]: 	SEMICOLON	;	7	14
[DEBUG LAB4]: 	RC	}	8	1
[DEBUG LAB4]: 	RETURN	return	9	1
[DEBUG LAB4]: 	ID	9	8	a	2
[DEBUG LAB4]: 	SEMICOLON	;	9	9
[DEBUG LAB4]: 	RC	}	10	0
[DEBUG LAB4]: 	INT	int	12	0
[DEBUG LAB4]: 	ID	12	4	main	4
[DEBUG LAB4]: 	LP	(	12	8
[DEBUG LAB4]: 	RP	)	12	9
[DEBUG LAB4]: 	LC	{	12	10
[DEBUG LAB4]: 	INT	int	13	1
[DEBUG LAB4]: 	ID	13	5	_testid	5
[DEBUG LAB4]: 	SEMICOLON	;	13	12
[DEBUG LAB4]: 	ID	14	1	_testid	5
[DEBUG LAB4]: 	ASSIGN	=	14	9
[DEBUG LAB4]: 	NUMBER	}	14	11	0
[DEBUG LAB4]: 	SEMICOLON	;	14	12
[DEBUG LAB4]: 	IF	if	15	1
[DEBUG LAB4]: 	LP	(	15	3
[DEBUG LAB4]: 	ID	15	4	_testid	5
[DEBUG LAB4]: 	EQUAL	==	15	11
[DEBUG LAB4]: 	NUMBER	}	15	13	0
[DEBUG LAB4]: 	RP	)	15	14
[DEBUG LAB4]: 	LC	{	15	15
[DEBUG LAB4]: 	INT	int	16	2
[DEBUG LAB4]: 	ID	16	6	_testid	6
[DEBUG LAB4]: 	SEMICOLON	;	16	13
[DEBUG LAB4]: 	INT	int	17	2
[DEBUG LAB4]: 	ID	17	6	_testid2	7
[DEBUG LAB4]: 	SEMICOLON	;	17	14
[DEBUG LAB4]: 	ID	18	2	_testid1	8
[DEBUG LAB4]: 	ASSIGN	=	18	10
[DEBUG LAB4]: 	ID	18	11	_testid1	8
[DEBUG LAB4]: 	ADD	+	18	19
[DEBUG LAB4]: 	NUMBER	}	18	20	1
[DEBUG LAB4]: 	SEMICOLON	;	18	21
[DEBUG LAB4]: 	RC	}	19	1
 [DEBUG LAB4]: 	LC	{	23	1
[DEBUG LAB4]: 	INT	int	24	2
[DEBUG LAB4]: 	ID	24	6	a	9
[DEBUG LAB4]: 	SEMICOLON	;	24	7
[DEBUG LAB4]: 	RC	}	25	1
[DEBUG LAB4]: 	LC	{	26	1
[DEBUG LAB4]: 	INT	int	27	2
[DEBUG LAB4]: 	ID	27	6	a	10
[DEBUG LAB4]: 	SEMICOLON	;	27	7
[DEBUG LAB4]: 	RC	}	28	1
[DEBUG LAB4]: 	INT	int	29	1
[DEBUG LAB4]: 	ID	29	5	b	11
[DEBUG LAB4]: 	SEMICOLON	;	29	6
[DEBUG LAB4]: 	RETURN	return	30	1
[DEBUG LAB4]: 	NUMBER	}	30	8	0
[DEBUG LAB4]: 	SEMICOLON	;	30	9
[DEBUG LAB4]: 	RC	}	31	0
 